---
source: utoipa-gen/tests/openapi_derive.rs
assertion_line: 281
expression: response
---
{
  "content": {
    "application/json": {
      "schema": {
        "properties": {
          "value": {
            "type": "string"
          }
        },
        "required": [
          "value"
        ],
        "type": "object"
      }
    }
  }
}
