---
source: utoipa-gen/tests/path_derive.rs
expression: value
snapshot_kind: text
---
[
  {
    "in": "query",
    "name": "name",
    "required": true,
    "schema": {
      "type": "string"
    }
  },
  {
    "in": "query",
    "name": "__this_is_private",
    "required": true,
    "schema": {
      "type": "string"
    }
  }
]
