---
source: utoipa-gen/tests/path_derive.rs
expression: value
---
[
  {
    "in": "query",
    "name": "name",
    "required": true,
    "schema": {
      "type": "string"
    }
  },
  {
    "in": "query",
    "name": "name2",
    "required": false,
    "schema": {
      "type": "string"
    }
  },
  {
    "in": "query",
    "name": "name3",
    "required": false,
    "schema": {
      "type": "string"
    }
  }
]
