---
source: utoipa-gen/tests/path_derive.rs
expression: parameters
snapshot_kind: text
---
[
  {
    "description": "Foo database id",
    "in": "path",
    "name": "id",
    "required": true,
    "schema": {
      "format": "int64",
      "type": "integer"
    }
  },
  {
    "description": "Datetime since foo is updated",
    "in": "query",
    "name": "since",
    "required": false,
    "schema": {
      "properties": {
        "date": {
          "description": "Some date",
          "type": "string"
        },
        "time": {
          "description": "Some time",
          "type": "string"
        }
      },
      "required": [
        "date",
        "time"
      ],
      "type": "object"
    }
  }
]
