---
source: utoipa-gen/tests/path_derive.rs
expression: "&schemas"
snapshot_kind: text
---
{
  "Account": {
    "properties": {
      "id": {
        "format": "int32",
        "type": "integer"
      }
    },
    "required": [
      "id"
    ],
    "type": "object"
  },
  "CreateRequest_Person": {
    "properties": {
      "value": {
        "properties": {
          "account": {
            "$ref": "#/components/schemas/Account"
          },
          "name": {
            "type": "string"
          }
        },
        "required": [
          "name",
          "account"
        ],
        "type": "object"
      }
    },
    "required": [
      "value"
    ],
    "type": "object"
  },
  "Person": {
    "properties": {
      "account": {
        "$ref": "#/components/schemas/Account"
      },
      "name": {
        "type": "string"
      }
    },
    "required": [
      "name",
      "account"
    ],
    "type": "object"
  }
}
