---
source: utoipa-gen/tests/path_parameter_derive_test.rs
expression: value
snapshot_kind: text
---
[
  {
    "description": "Maximum number of results to return.",
    "example": 12,
    "in": "query",
    "name": "limit",
    "required": false,
    "schema": {
      "format": "int32",
      "minimum": 0,
      "type": "integer"
    }
  },
  {
    "description": "Maximum number of results to return.",
    "example": 12,
    "in": "query",
    "name": "limit_explisit_required",
    "required": true,
    "schema": {
      "format": "int32",
      "minimum": 0,
      "type": "integer"
    }
  },
  {
    "description": "Maximum number of results to return.",
    "example": 12,
    "in": "query",
    "name": "not_required",
    "required": false,
    "schema": {
      "format": "int32",
      "minimum": 0,
      "type": "integer"
    }
  },
  {
    "description": "Maximum number of results to return.",
    "example": 12,
    "in": "query",
    "name": "option_required",
    "required": true,
    "schema": {
      "format": "int32",
      "minimum": 0,
      "type": "integer"
    }
  }
]
