---
source: utoipa-gen/tests/response_derive_test.rs
expression: v
snapshot_kind: text
---
{
  "description": "",
  "content": {
    "application/json/1": {
      "schema": {
        "$ref": "#/components/schemas/Admin"
      },
      "examples": {
        "Person1": {
          "value": {
            "name": "name1"
          }
        },
        "Person2": {
          "value": {
            "name": "name2"
          }
        }
      }
    },
    "application/json/2": {
      "schema": {
        "$ref": "#/components/schemas/Moderator"
      },
      "example": {
        "name": "name3"
      }
    }
  }
}
