---
source: utoipa-gen/tests/response_derive_test.rs
expression: responses
snapshot_kind: text
---
{
  "201": {
    "content": {
      "application/json": {
        "schema": {
          "properties": {
            "bar": {
              "type": "string"
            }
          },
          "required": [
            "bar"
          ],
          "type": "object"
        }
      }
    },
    "description": ""
  }
}
