---
source: utoipa-gen/tests/response_derive_test.rs
assertion_line: 299
expression: responses
---
{
  "201": {
    "content": {
      "application/json": {
        "schema": {
          "properties": {
            "bar": {
              "type": "string"
            }
          },
          "required": [
            "bar"
          ],
          "type": "object"
        }
      }
    }
  }
}
