---
source: utoipa-gen/tests/response_derive_test.rs
assertion_line: 187
expression: v
---
{
  "content": {
    "application/json": {
      "schema": {
        "type": "array",
        "items": {
          "type": "object",
          "required": [
            "name"
          ],
          "properties": {
            "name": {
              "type": "string"
            }
          }
        }
      }
    }
  }
}
