---
source: utoipa-gen/tests/schema_derive_test.rs
expression: value
snapshot_kind: text
---
{
  "oneOf": [
    {
      "properties": {
        "content": {
          "properties": {
            "n": {
              "format": "int32",
              "type": "integer"
            }
          },
          "required": [
            "n"
          ],
          "type": "object"
        },
        "tag": {
          "enum": [
            "One"
          ],
          "type": "string"
        }
      },
      "required": [
        "content",
        "tag"
      ],
      "type": "object"
    },
    {
      "properties": {
        "content": {
          "properties": {
            "bar": {
              "$ref": "#/components/schemas/Bar"
            }
          },
          "required": [
            "bar"
          ],
          "type": "object"
        },
        "tag": {
          "enum": [
            "Two"
          ],
          "type": "string"
        }
      },
      "required": [
        "content",
        "tag"
      ],
      "type": "object"
    }
  ]
}
