---
source: utoipa-gen/tests/schema_derive_test.rs
expression: value
snapshot_kind: text
---
{
  "properties": {
    "this_is_not_private": {
      "type": "string"
    },
    "value": {
      "type": "string"
    }
  },
  "required": [
    "value",
    "this_is_not_private"
  ],
  "type": "object"
}
