---
source: utoipa-gen/tests/schema_derive_test.rs
expression: value
---
{
  "oneOf": [
    {
      "properties": {
        "Empty": {
          "additionalProperties": false,
          "type": "object"
        }
      },
      "required": [
        "Empty"
      ],
      "type": "object"
    },
    {
      "properties": {
        "Field": {
          "additionalProperties": false,
          "properties": {
            "field": {
              "type": "string"
            }
          },
          "required": [
            "field"
          ],
          "type": "object"
        }
      },
      "required": [
        "Field"
      ],
      "type": "object"
    }
  ]
}
