---
source: utoipa-gen/tests/schema_derive_test.rs
expression: value
snapshot_kind: text
---
{
  "oneOf": [
    {
      "properties": {
        "n": {
          "format": "int32",
          "type": "integer"
        }
      },
      "required": [
        "n"
      ],
      "type": "object"
    },
    {
      "properties": {
        "bar": {
          "$ref": "#/components/schemas/Bar"
        }
      },
      "required": [
        "bar"
      ],
      "type": "object"
    }
  ]
}
