---
source: utoipa-gen/tests/schema_derive_test.rs
expression: value
---
{
  "oneOf": [
    {
      "properties": {
        "n": {
          "format": "int32",
          "type": "integer"
        },
        "type": {
          "enum": [
            "One"
          ],
          "type": "string"
        }
      },
      "required": [
        "n",
        "type"
      ],
      "type": "object"
    },
    {
      "default": null,
      "type": "null"
    }
  ]
}
