---
source: utoipa-gen/tests/schema_derive_test.rs
expression: "&value"
snapshot_kind: text
---
{
  "properties": {
    "no_description_inline": {
      "properties": {
        "name": {
          "type": "string"
        }
      },
      "required": [
        "name"
      ],
      "type": "object"
    },
    "with_description": {
      "description": "This is description",
      "oneOf": [
        {
          "properties": {
            "name": {
              "type": "string"
            }
          },
          "required": [
            "name"
          ],
          "type": "object"
        }
      ]
    }
  },
  "required": [
    "with_description",
    "no_description_inline"
  ],
  "type": "object"
}
