---
source: utoipa-gen/tests/schema_derive_test.rs
expression: "&doc"
---
{
  "properties": {
    "civil_date": {
      "format": "date",
      "type": "string"
    },
    "timestamp": {
      "format": "date-time",
      "type": "string"
    },
    "zoned": {
      "format": "date-time",
      "type": "string"
    }
  },
  "required": [
    "timestamp",
    "civil_date",
    "zoned"
  ],
  "type": "object"
}
