---
source: utoipa-gen/tests/schema_derive_test.rs
expression: value
snapshot_kind: text
---
{
  "oneOf": [
    {
      "properties": {
        "someNumber": {
          "format": "int32",
          "type": "integer"
        }
      },
      "required": [
        "someNumber"
      ],
      "type": "object"
    },
    {
      "properties": {
        "someBar": {
          "$ref": "#/components/schemas/Bar"
        }
      },
      "required": [
        "someBar"
      ],
      "type": "object"
    }
  ]
}
